Archive member included to satisfy reference by file (symbol)

D:/App/ST/STM32CubeIDE_1.16.0/STM32CubeIDE/plugins/com.st.stm32cube.ide.mcu.externaltools.gnu-tools-for-stm32.12.3.rel1.win32_1.0.200.202406191623/tools/bin/../lib/gcc/arm-none-eabi/12.3.1/../../../../arm-none-eabi/lib/thumb/v7e-m+fp/hard\libc_nano.a(libc_a-exit.o)
                              D:/App/ST/STM32CubeIDE_1.16.0/STM32CubeIDE/plugins/com.st.stm32cube.ide.mcu.externaltools.gnu-tools-for-stm32.12.3.rel1.win32_1.0.200.202406191623/tools/bin/../lib/gcc/arm-none-eabi/12.3.1/../../../../arm-none-eabi/lib/thumb/v7e-m+fp/hard/crt0.o (exit)
D:/App/ST/STM32CubeIDE_1.16.0/STM32CubeIDE/plugins/com.st.stm32cube.ide.mcu.externaltools.gnu-tools-for-stm32.12.3.rel1.win32_1.0.200.202406191623/tools/bin/../lib/gcc/arm-none-eabi/12.3.1/../../../../arm-none-eabi/lib/thumb/v7e-m+fp/hard\libc_nano.a(libc_a-findfp.o)
                              D:/App/ST/STM32CubeIDE_1.16.0/STM32CubeIDE/plugins/com.st.stm32cube.ide.mcu.externaltools.gnu-tools-for-stm32.12.3.rel1.win32_1.0.200.202406191623/tools/bin/../lib/gcc/arm-none-eabi/12.3.1/../../../../arm-none-eabi/lib/thumb/v7e-m+fp/hard\libc_nano.a(libc_a-exit.o) (__stdio_exit_handler)
D:/App/ST/STM32CubeIDE_1.16.0/STM32CubeIDE/plugins/com.st.stm32cube.ide.mcu.externaltools.gnu-tools-for-stm32.12.3.rel1.win32_1.0.200.202406191623/tools/bin/../lib/gcc/arm-none-eabi/12.3.1/../../../../arm-none-eabi/lib/thumb/v7e-m+fp/hard\libc_nano.a(libc_a-fwalk.o)
                              D:/App/ST/STM32CubeIDE_1.16.0/STM32CubeIDE/plugins/com.st.stm32cube.ide.mcu.externaltools.gnu-tools-for-stm32.12.3.rel1.win32_1.0.200.202406191623/tools/bin/../lib/gcc/arm-none-eabi/12.3.1/../../../../arm-none-eabi/lib/thumb/v7e-m+fp/hard\libc_nano.a(libc_a-findfp.o) (_fwalk_sglue)
D:/App/ST/STM32CubeIDE_1.16.0/STM32CubeIDE/plugins/com.st.stm32cube.ide.mcu.externaltools.gnu-tools-for-stm32.12.3.rel1.win32_1.0.200.202406191623/tools/bin/../lib/gcc/arm-none-eabi/12.3.1/../../../../arm-none-eabi/lib/thumb/v7e-m+fp/hard\libc_nano.a(libc_a-stdio.o)
                              D:/App/ST/STM32CubeIDE_1.16.0/STM32CubeIDE/plugins/com.st.stm32cube.ide.mcu.externaltools.gnu-tools-for-stm32.12.3.rel1.win32_1.0.200.202406191623/tools/bin/../lib/gcc/arm-none-eabi/12.3.1/../../../../arm-none-eabi/lib/thumb/v7e-m+fp/hard\libc_nano.a(libc_a-findfp.o) (__sread)
D:/App/ST/STM32CubeIDE_1.16.0/STM32CubeIDE/plugins/com.st.stm32cube.ide.mcu.externaltools.gnu-tools-for-stm32.12.3.rel1.win32_1.0.200.202406191623/tools/bin/../lib/gcc/arm-none-eabi/12.3.1/../../../../arm-none-eabi/lib/thumb/v7e-m+fp/hard\libc_nano.a(libc_a-memset.o)
                              D:/App/ST/STM32CubeIDE_1.16.0/STM32CubeIDE/plugins/com.st.stm32cube.ide.mcu.externaltools.gnu-tools-for-stm32.12.3.rel1.win32_1.0.200.202406191623/tools/bin/../lib/gcc/arm-none-eabi/12.3.1/../../../../arm-none-eabi/lib/thumb/v7e-m+fp/hard/crt0.o (memset)
D:/App/ST/STM32CubeIDE_1.16.0/STM32CubeIDE/plugins/com.st.stm32cube.ide.mcu.externaltools.gnu-tools-for-stm32.12.3.rel1.win32_1.0.200.202406191623/tools/bin/../lib/gcc/arm-none-eabi/12.3.1/../../../../arm-none-eabi/lib/thumb/v7e-m+fp/hard\libc_nano.a(libc_a-closer.o)
                              D:/App/ST/STM32CubeIDE_1.16.0/STM32CubeIDE/plugins/com.st.stm32cube.ide.mcu.externaltools.gnu-tools-for-stm32.12.3.rel1.win32_1.0.200.202406191623/tools/bin/../lib/gcc/arm-none-eabi/12.3.1/../../../../arm-none-eabi/lib/thumb/v7e-m+fp/hard\libc_nano.a(libc_a-stdio.o) (_close_r)
D:/App/ST/STM32CubeIDE_1.16.0/STM32CubeIDE/plugins/com.st.stm32cube.ide.mcu.externaltools.gnu-tools-for-stm32.12.3.rel1.win32_1.0.200.202406191623/tools/bin/../lib/gcc/arm-none-eabi/12.3.1/../../../../arm-none-eabi/lib/thumb/v7e-m+fp/hard\libc_nano.a(libc_a-reent.o)
                              D:/App/ST/STM32CubeIDE_1.16.0/STM32CubeIDE/plugins/com.st.stm32cube.ide.mcu.externaltools.gnu-tools-for-stm32.12.3.rel1.win32_1.0.200.202406191623/tools/bin/../lib/gcc/arm-none-eabi/12.3.1/../../../../arm-none-eabi/lib/thumb/v7e-m+fp/hard\libc_nano.a(libc_a-closer.o) (errno)
D:/App/ST/STM32CubeIDE_1.16.0/STM32CubeIDE/plugins/com.st.stm32cube.ide.mcu.externaltools.gnu-tools-for-stm32.12.3.rel1.win32_1.0.200.202406191623/tools/bin/../lib/gcc/arm-none-eabi/12.3.1/../../../../arm-none-eabi/lib/thumb/v7e-m+fp/hard\libc_nano.a(libc_a-impure.o)
                              D:/App/ST/STM32CubeIDE_1.16.0/STM32CubeIDE/plugins/com.st.stm32cube.ide.mcu.externaltools.gnu-tools-for-stm32.12.3.rel1.win32_1.0.200.202406191623/tools/bin/../lib/gcc/arm-none-eabi/12.3.1/../../../../arm-none-eabi/lib/thumb/v7e-m+fp/hard\libc_nano.a(libc_a-reent.o) (_impure_ptr)
D:/App/ST/STM32CubeIDE_1.16.0/STM32CubeIDE/plugins/com.st.stm32cube.ide.mcu.externaltools.gnu-tools-for-stm32.12.3.rel1.win32_1.0.200.202406191623/tools/bin/../lib/gcc/arm-none-eabi/12.3.1/../../../../arm-none-eabi/lib/thumb/v7e-m+fp/hard\libc_nano.a(libc_a-lseekr.o)
[...]
Memory Configuration

Name             Origin             Length             Attributes
CCMRAM           0x10000000         0x00010000         xrw
RAM              0x20000000         0x00030000         xrw
FLASH            0x08000000         0x00200000         xr
*default*        0x00000000         0xffffffff

Linker script and memory map

LOAD D:/App/ST/STM32CubeIDE_1.16.0/STM32CubeIDE/plugins/com.st.stm32cube.ide.mcu.externaltools.gnu-tools-for-stm32.12.3.rel1.win32_1.0.200.202406191623/tools/bin/../lib/gcc/arm-none-eabi/12.3.1/thumb/v7e-m+fp/hard/crti.o
LOAD D:/App/ST/STM32CubeIDE_1.16.0/STM32CubeIDE/plugins/com.st.stm32cube.ide.mcu.externaltools.gnu-tools-for-stm32.12.3.rel1.win32_1.0.200.202406191623/tools/bin/../lib/gcc/arm-none-eabi/12.3.1/thumb/v7e-m+fp/hard/crtbegin.o
LOAD D:/App/ST/STM32CubeIDE_1.16.0/STM32CubeIDE/plugins/com.st.stm32cube.ide.mcu.externaltools.gnu-tools-for-stm32.12.3.rel1.win32_1.0.200.202406191623/tools/bin/../lib/gcc/arm-none-eabi/12.3.1/../../../../arm-none-eabi/lib/thumb/v7e-m+fp/hard/crt0.o
LOAD ./Core/Src/bsp_lcd.o
LOAD ./Core/Src/main.o
LOAD ./Core/Src/stm32f4xx_hal_msp.o
LOAD ./Core/Src/stm32f4xx_it.o
LOAD ./Core/Src/syscalls.o
LOAD ./Core/Src/sysmem.o
LOAD ./Core/Src/system_stm32f4xx.o
LOAD ./Core/Src/t1_320x240.o
LOAD ./Core/Src/t2_320x240.o
LOAD ./Core/Src/t3_320x240.o
LOAD ./Core/Startup/startup_stm32f429zitx.o
LOAD ./Drivers/STM32F4xx_HAL_Driver/Src/stm32f4xx_hal.o
LOAD ./Drivers/STM32F4xx_HAL_Driver/Src/stm32f4xx_hal_cortex.o
LOAD ./Drivers/STM32F4xx_HAL_Driver/Src/stm32f4xx_hal_dma.o
LOAD ./Drivers/STM32F4xx_HAL_Driver/Src/stm32f4xx_hal_dma_ex.o
LOAD ./Drivers/STM32F4xx_HAL_Driver/Src/stm32f4xx_hal_dsi.o
LOAD ./Drivers/STM32F4xx_HAL_Driver/Src/stm32f4xx_hal_exti.o
LOAD ./Drivers/STM32F4xx_HAL_Driver/Src/stm32f4xx_hal_flash.o
LOAD ./Drivers/STM32F4xx_HAL_Driver/Src/stm32f4xx_hal_flash_ex.o
LOAD ./Drivers/STM32F4xx_HAL_Driver/Src/stm32f4xx_hal_flash_ramfunc.o
LOAD ./Drivers/STM32F4xx_HAL_Driver/Src/stm32f4xx_hal_gpio.o
LOAD ./Drivers/STM32F4xx_HAL_Driver/Src/stm32f4xx_hal_ltdc.o
LOAD ./Drivers/STM32F4xx_HAL_Driver/Src/stm32f4xx_hal_ltdc_ex.o
LOAD ./Drivers/STM32F4xx_HAL_Driver/Src/stm32f4xx_hal_pwr.o
LOAD ./Drivers/STM32F4xx_HAL_Driver/Src/stm32f4xx_hal_pwr_ex.o
LOAD ./Drivers/STM32F4xx_HAL_Driver/Src/stm32f4xx_hal_rcc.o
LOAD ./Drivers/STM32F4xx_HAL_Driver/Src/stm32f4xx_hal_rcc_ex.o
LOAD ./Drivers/STM32F4xx_HAL_Driver/Src/stm32f4xx_hal_spi.o
LOAD ./Drivers/STM32F4xx_HAL_Driver/Src/stm32f4xx_hal_tim.o
LOAD ./Drivers/STM32F4xx_HAL_Driver/Src/stm32f4xx_hal_tim_ex.o
START GROUP
LOAD D:/App/ST/STM32CubeIDE_1.16.0/STM32CubeIDE/plugins/com.st.stm32cube.ide.mcu.externaltools.gnu-tools-for-stm32.12.3.rel1.win32_1.0.200.202406191623/tools/bin/../lib/gcc/arm-none-eabi/12.3.1/../../../../arm-none-eabi/lib/thumb/v7e-m+fp/hard\libc_nano.a
LOAD D:/App/ST/STM32CubeIDE_1.16.0/STM32CubeIDE/plugins/com.st.stm32cube.ide.mcu.externaltools.gnu-tools-for-stm32.12.3.rel1.win32_1.0.200.202406191623/tools/bin/../lib/gcc/arm-none-eabi/12.3.1/../../../../arm-none-eabi/lib/thumb/v7e-m+fp/hard\libm.a
END GROUP
START GROUP
LOAD D:/App/ST/STM32CubeIDE_1.16.0/STM32CubeIDE/plugins/com.st.stm32cube.ide.mcu.externaltools.gnu-tools-for-stm32.12.3.rel1.win32_1.0.200.202406191623/tools/bin/../lib/gcc/arm-none-eabi/12.3.1/thumb/v7e-m+fp/hard\libgcc.a
LOAD D:/App/ST/STM32CubeIDE_1.16.0/STM32CubeIDE/plugins/com.st.stm32cube.ide.mcu.externaltools.gnu-tools-for-stm32.12.3.rel1.win32_1.0.200.202406191623/tools/bin/../lib/gcc/arm-none-eabi/12.3.1/../../../../arm-none-eabi/lib/thumb/v7e-m+fp/hard\libc_nano.a
END GROUP
START GROUP
LOAD D:/App/ST/STM32CubeIDE_1.16.0/STM32CubeIDE/plugins/com.st.stm32cube.ide.mcu.externaltools.gnu-tools-for-stm32.12.3.rel1.win32_1.0.200.202406191623/tools/bin/../lib/gcc/arm-none-eabi/12.3.1/thumb/v7e-m+fp/hard\libgcc.a
LOAD D:/App/ST/STM32CubeIDE_1.16.0/STM32CubeIDE/plugins/com.st.stm32cube.ide.mcu.externaltools.gnu-tools-for-stm32.12.3.rel1.win32_1.0.200.202406191623/tools/bin/../lib/gcc/arm-none-eabi/12.3.1/../../../../arm-none-eabi/lib/thumb/v7e-m+fp/hard\libc_nano.a
LOAD D:/App/ST/STM32CubeIDE_1.16.0/STM32CubeIDE/plugins/com.st.stm32cube.ide.mcu.externaltools.gnu-tools-for-stm32.12.3.rel1.win32_1.0.200.202406191623/tools/bin/../lib/gcc/arm-none-eabi/12.3.1/../../../../arm-none-eabi/lib/thumb/v7e-m+fp/hard\libnosys.a
END GROUP
START GROUP
LOAD D:/App/ST/STM32CubeIDE_1.16.0/STM32CubeIDE/plugins/com.st.stm32cube.ide.mcu.externaltools.gnu-tools-for-stm32.12.3.rel1.win32_1.0.200.202406191623/tools/bin/../lib/gcc/arm-none-eabi/12.3.1/thumb/v7e-m+fp/hard\libgcc.a
LOAD D:/App/ST/STM32CubeIDE_1.16.0/STM32CubeIDE/plugins/com.st.stm32cube.ide.mcu.externaltools.gnu-tools-for-stm32.12.3.rel1.win32_1.0.200.202406191623/tools/bin/../lib/gcc/arm-none-eabi/12.3.1/../../../../arm-none-eabi/lib/thumb/v7e-m+fp/hard\libc_nano.a
LOAD D:/App/ST/STM32CubeIDE_1.16.0/STM32CubeIDE/plugins/com.st.stm32cube.ide.mcu.externaltools.gnu-tools-for-stm32.12.3.rel1.win32_1.0.200.202406191623/tools/bin/../lib/gcc/arm-none-eabi/12.3.1/../../../../arm-none-eabi/lib/thumb/v7e-m+fp/hard\libnosys.a
END GROUP
LOAD D:/App/ST/STM32CubeIDE_1.16.0/STM32CubeIDE/plugins/com.st.stm32cube.ide.mcu.externaltools.gnu-tools-for-stm32.12.3.rel1.win32_1.0.200.202406191623/tools/bin/../lib/gcc/arm-none-eabi/12.3.1/thumb/v7e-m+fp/hard/crtend.o
LOAD D:/App/ST/STM32CubeIDE_1.16.0/STM32CubeIDE/plugins/com.st.stm32cube.ide.mcu.externaltools.gnu-tools-for-stm32.12.3.rel1.win32_1.0.200.202406191623/tools/bin/../lib/gcc/arm-none-eabi/12.3.1/thumb/v7e-m+fp/hard/crtn.o
                0x20030000                        _estack = (ORIGIN (RAM) + LENGTH (RAM))
                0x00000200                        _Min_Heap_Size = 0x200
                0x00000400                        _Min_Stack_Size = 0x400

.isr_vector     0x08000000      0x1ac
                0x08000000                        . = ALIGN (0x4)
 *(.isr_vector)
 .isr_vector    0x08000000      0x1ac ./Core/Startup/startup_stm32f429zitx.o
                0x08000000                g_pfnVectors
                0x080001ac                        . = ALIGN (0x4)

.text           0x080001ac     0x2c98
                0x080001ac                        . = ALIGN (0x4)
 *(.text)
 .text          0x080001ac       0x40 D:/App/ST/STM32CubeIDE_1.16.0/STM32CubeIDE/plugins/com.st.stm32cube.ide.mcu.externaltools.gnu-tools-for-stm32.12.3.rel1.win32_1.0.200.202406191623/tools/bin/../lib/gcc/arm-none-eabi/12.3.1/thumb/v7e-m+fp/hard/crtbegin.o
 .text          0x080001ec       0x30 D:/App/ST/STM32CubeIDE_1.16.0/STM32CubeIDE/plugins/com.st.stm32cube.ide.mcu.externaltools.gnu-tools-for-stm32.12.3.rel1.win32_1.0.200.202406191623/tools/bin/../lib/gcc/arm-none-eabi/12.3.1/thumb/v7e-m+fp/hard\libgcc.a(_aeabi_uldivmod.o)
                0x080001ec                __aeabi_uldivmod
 .text          0x0800021c      0x2bc D:/App/ST/STM32CubeIDE_1.16.0/STM32CubeIDE/plugins/com.st.stm32cube.ide.mcu.externaltools.gnu-tools-for-stm32.12.3.rel1.win32_1.0.200.202406191623/tools/bin/../lib/gcc/arm-none-eabi/12.3.1/thumb/v7e-m+fp/hard\libgcc.a(_udivmoddi4.o)
                0x0800021c                __udivmoddi4
 .text          0x080004d8        0x4 D:/App/ST/STM32CubeIDE_1.16.0/STM32CubeIDE/plugins/com.st.stm32cube.ide.mcu.externaltools.gnu-tools-for-stm32.12.3.rel1.win32_1.0.200.202406191623/tools/bin/../lib/gcc/arm-none-eabi/12.3.1/thumb/v7e-m+fp/hard\libgcc.a(_dvmd_tls.o)
                0x080004d8                __aeabi_idiv0
                0x080004d8                __aeabi_ldiv0
 *(.text*)
 .text.BSP_LCD_Init
                0x080004dc       0x1c ./Core/Src/bsp_lcd.o
                0x080004dc                BSP_LCD_Init
 .text.BSP_LCD_Set_Orientation
                0x080004f8       0xc0 ./Core/Src/bsp_lcd.o
                0x080004f8                BSP_LCD_Set_Orientation
 .text.LCD_Pin_Init
                0x080005b8      0x1ec ./Core/Src/bsp_lcd.o
                0x080005b8                LCD_Pin_Init
 .text.LCD_SPI_Enable
                0x080007a4       0x28 ./Core/Src/bsp_lcd.o
                0x080007a4                LCD_SPI_Enable
 .text.LCD_SPI_Init
                0x080007cc       0xcc ./Core/Src/bsp_lcd.o
                0x080007cc                LCD_SPI_Init
 .text.delay_50ms
                0x08000898       0x2c ./Core/Src/bsp_lcd.o
                0x08000898                delay_50ms
 .text.LCD_Reset
                0x080008c4       0x5c ./Core/Src/bsp_lcd.o
                0x080008c4                LCD_Reset
 .text.LCD_Config
                0x08000920      0x2c0 ./Core/Src/bsp_lcd.o
                0x08000920                LCD_Config
 .text.LCD_Write_Cmd
                0x08000be0       0x88 ./Core/Src/bsp_lcd.o
                0x08000be0                LCD_Write_Cmd
 .text.LCD_Write_Data
                0x08000c68       0x88 ./Core/Src/bsp_lcd.o
                0x08000c68                LCD_Write_Data
 .text.main     0x08000cf0       0x6c ./Core/Src/main.o
                0x08000cf0                main
 .text.SystemClock_Config
                0x08000d5c       0xe0 ./Core/Src/main.o
                0x08000d5c                SystemClock_Config
 .text.MX_LTDC_Init
                0x08000e3c      0x100 ./Core/Src/main.o
 .text.Error_Handler
                0x08000f3c        0xc ./Core/Src/main.o
                0x08000f3c                Error_Handler
 .text.HAL_MspInit
                0x08000f48       0x50 ./Core/Src/stm32f4xx_hal_msp.o
                0x08000f48                HAL_MspInit
 .text.HAL_LTDC_MspInit
                0x08000f98      0x270 ./Core/Src/stm32f4xx_hal_msp.o
                0x08000f98                HAL_LTDC_MspInit
 .text.NMI_Handler
                0x08001208        0x8 ./Core/Src/stm32f4xx_it.o
                0x08001208                NMI_Handler
 .text.HardFault_Handler
                0x08001210        0x8 ./Core/Src/stm32f4xx_it.o
                0x08001210                HardFault_Handler
 .text.MemManage_Handler
                0x08001218        0x8 ./Core/Src/stm32f4xx_it.o
                0x08001218                MemManage_Handler
 .text.BusFault_Handler
                0x08001220        0x8 ./Core/Src/stm32f4xx_it.o
                0x08001220                BusFault_Handler
 .text.UsageFault_Handler
                0x08001228        0x8 ./Core/Src/stm32f4xx_it.o
                0x08001228                UsageFault_Handler
 .text.SVC_Handler
                0x08001230        0xe ./Core/Src/stm32f4xx_it.o
                0x08001230                SVC_Handler
 .text.DebugMon_Handler
                0x0800123e        0xe ./Core/Src/stm32f4xx_it.o
                0x0800123e                DebugMon_Handler
 .text.PendSV_Handler
                0x0800124c        0xe ./Core/Src/stm32f4xx_it.o
                0x0800124c                PendSV_Handler
 .text.SysTick_Handler
                0x0800125a        0xc ./Core/Src/stm32f4xx_it.o
                0x0800125a                SysTick_Handler
 *fill*         0x08001266        0x2 
 .text.LTDC_IRQHandler
                0x08001268       0x14 ./Core/Src/stm32f4xx_it.o
                0x08001268                LTDC_IRQHandler
 .text.LTDC_ER_IRQHandler
                0x0800127c       0x14 ./Core/Src/stm32f4xx_it.o
                0x0800127c                LTDC_ER_IRQHandler
 .text.SystemInit
                0x08001290       0x24 ./Core/Src/system_stm32f4xx.o
                0x08001290                SystemInit
 .text.Reset_Handler
                0x080012b4       0x50 ./Core/Startup/startup_stm32f429zitx.o
                0x080012b4                Reset_Handler
 .text.Default_Handler
                0x08001304        0x2 ./Core/Startup/startup_stm32f429zitx.o
                0x08001304                RTC_Alarm_IRQHandler
                0x08001304                HASH_RNG_IRQHandler
                0x08001304                EXTI2_IRQHandler
                0x08001304                TIM8_CC_IRQHandler
                0x08001304                UART8_IRQHandler
                0x08001304                SPI4_IRQHandler
                0x08001304                TIM1_CC_IRQHandler
                0x08001304                DMA2_Stream5_IRQHandler
                0x08001304                DMA1_Stream5_IRQHandler
                0x08001304                PVD_IRQHandler
                0x08001304                SDIO_IRQHandler
                0x08001304                TAMP_STAMP_IRQHandler
                0x08001304                CAN2_RX1_IRQHandler
                0x08001304                EXTI3_IRQHandler
                0x08001304                TIM8_TRG_COM_TIM14_IRQHandler
                0x08001304                TIM1_UP_TIM10_IRQHandler
                0x08001304                TIM8_UP_TIM13_IRQHandler
                0x08001304                I2C3_ER_IRQHandler
                0x08001304                EXTI0_IRQHandler
                0x08001304                I2C2_EV_IRQHandler
                0x08001304                DMA1_Stream2_IRQHandler
                0x08001304                CAN1_RX0_IRQHandler
                0x08001304                FPU_IRQHandler
                0x08001304                OTG_HS_WKUP_IRQHandler
                0x08001304                CAN2_SCE_IRQHandler
                0x08001304                DMA2_Stream2_IRQHandler
                0x08001304                SPI1_IRQHandler
                0x08001304                TIM6_DAC_IRQHandler
                0x08001304                TIM1_BRK_TIM9_IRQHandler
                0x08001304                DCMI_IRQHandler
                0x08001304                CAN2_RX0_IRQHandler
                0x08001304                DMA2_Stream3_IRQHandler
                0x08001304                USART6_IRQHandler
                0x08001304                USART3_IRQHandler
                0x08001304                CAN1_RX1_IRQHandler
                0x08001304                UART5_IRQHandler
                0x08001304                DMA2_Stream0_IRQHandler
                0x08001304                TIM4_IRQHandler
                0x08001304                I2C1_EV_IRQHandler
                0x08001304                DMA1_Stream6_IRQHandler
                0x08001304                DMA1_Stream1_IRQHandler
                0x08001304                UART4_IRQHandler
                0x08001304                TIM3_IRQHandler
                0x08001304                RCC_IRQHandler
                0x08001304                TIM8_BRK_TIM12_IRQHandler
                0x08001304                Default_Handler
                0x08001304                EXTI15_10_IRQHandler
                0x08001304                ADC_IRQHandler
                0x08001304                DMA1_Stream7_IRQHandler
                0x08001304                SPI5_IRQHandler
                0x08001304                TIM7_IRQHandler
                0x08001304                CAN2_TX_IRQHandler
                0x08001304                TIM5_IRQHandler
                0x08001304                DMA2_Stream7_IRQHandler
                0x08001304                I2C3_EV_IRQHandler
                0x08001304                EXTI9_5_IRQHandler
                0x08001304                RTC_WKUP_IRQHandler
                0x08001304                ETH_WKUP_IRQHandler
                0x08001304                SPI2_IRQHandler
                0x08001304                OTG_HS_EP1_IN_IRQHandler
                0x08001304                DMA1_Stream0_IRQHandler
                0x08001304                CAN1_TX_IRQHandler
                0x08001304                EXTI4_IRQHandler
                0x08001304                ETH_IRQHandler
                0x08001304                OTG_HS_EP1_OUT_IRQHandler
                0x08001304                WWDG_IRQHandler
                0x08001304                SPI6_IRQHandler
                0x08001304                TIM2_IRQHandler
                0x08001304                OTG_FS_WKUP_IRQHandler
                0x08001304                TIM1_TRG_COM_TIM11_IRQHandler
                0x08001304                OTG_HS_IRQHandler
                0x08001304                DMA2D_IRQHandler
                0x08001304                EXTI1_IRQHandler
                0x08001304                UART7_IRQHandler
                0x08001304                USART2_IRQHandler
                0x08001304                I2C2_ER_IRQHandler
                0x08001304                DMA2_Stream1_IRQHandler
                0x08001304                CAN1_SCE_IRQHandler
                0x08001304                FLASH_IRQHandler
                0x08001304                DMA2_Stream4_IRQHandler
                0x08001304                USART1_IRQHandler
                0x08001304                OTG_FS_IRQHandler
                0x08001304                SPI3_IRQHandler
                0x08001304                DMA1_Stream4_IRQHandler
                0x08001304                I2C1_ER_IRQHandler
                0x08001304                FMC_IRQHandler
                0x08001304                DMA2_Stream6_IRQHandler
                0x08001304                SAI1_IRQHandler
                0x08001304                DMA1_Stream3_IRQHandler
 *fill*         0x08001306        0x2 
 .text.HAL_Init
                0x08001308       0x44 ./Drivers/STM32F4xx_HAL_Driver/Src/stm32f4xx_hal.o
                0x08001308                HAL_Init
 .text.HAL_InitTick
                0x0800134c       0x60 ./Drivers/STM32F4xx_HAL_Driver/Src/stm32f4xx_hal.o
                0x0800134c                HAL_InitTick
 .text.HAL_IncTick
                0x080013ac       0x28 ./Drivers/STM32F4xx_HAL_Driver/Src/stm32f4xx_hal.o
                0x080013ac                HAL_IncTick
 .text.HAL_GetTick
                0x080013d4       0x18 ./Drivers/STM32F4xx_HAL_Driver/Src/stm32f4xx_hal.o
                0x080013d4                HAL_GetTick
 .text.HAL_Delay
                0x080013ec       0x48 ./Drivers/STM32F4xx_HAL_Driver/Src/stm32f4xx_hal.o
                0x080013ec                HAL_Delay
 .text.__NVIC_SetPriorityGrouping
                0x08001434       0x48 ./Drivers/STM32F4xx_HAL_Driver/Src/stm32f4xx_hal_cortex.o
 .text.__NVIC_GetPriorityGrouping
                0x0800147c       0x1c ./Drivers/STM32F4xx_HAL_Driver/Src/stm32f4xx_hal_cortex.o
 .text.__NVIC_EnableIRQ
                0x08001498       0x3c ./Drivers/STM32F4xx_HAL_Driver/Src/stm32f4xx_hal_cortex.o
 .text.__NVIC_SetPriority
                0x080014d4       0x54 ./Drivers/STM32F4xx_HAL_Driver/Src/stm32f4xx_hal_cortex.o
 .text.NVIC_EncodePriority
                0x08001528       0x66 ./Drivers/STM32F4xx_HAL_Driver/Src/stm32f4xx_hal_cortex.o
 *fill*         0x0800158e        0x2 
 .text.SysTick_Config
                0x08001590       0x44 ./Drivers/STM32F4xx_HAL_Driver/Src/stm32f4xx_hal_cortex.o
 .text.HAL_NVIC_SetPriorityGrouping
                0x080015d4       0x16 ./Drivers/STM32F4xx_HAL_Driver/Src/stm32f4xx_hal_cortex.o
                0x080015d4                HAL_NVIC_SetPriorityGrouping
 .text.HAL_NVIC_SetPriority
                0x080015ea       0x38 ./Drivers/STM32F4xx_HAL_Driver/Src/stm32f4xx_hal_cortex.o
                0x080015ea                HAL_NVIC_SetPriority
 .text.HAL_NVIC_EnableIRQ
                0x08001622       0x1c ./Drivers/STM32F4xx_HAL_Driver/Src/stm32f4xx_hal_cortex.o
                0x08001622                HAL_NVIC_EnableIRQ
 .text.HAL_SYSTICK_Config
                0x0800163e       0x18 ./Drivers/STM32F4xx_HAL_Driver/Src/stm32f4xx_hal_cortex.o
                0x0800163e                HAL_SYSTICK_Config
 *fill*         0x08001656        0x2 
 .text.HAL_GPIO_Init
                0x08001658      0x358 ./Drivers/STM32F4xx_HAL_Driver/Src/stm32f4xx_hal_gpio.o
                0x08001658                HAL_GPIO_Init
 .text.HAL_LTDC_Init
                0x080019b0      0x1a0 ./Drivers/STM32F4xx_HAL_Driver/Src/stm32f4xx_hal_ltdc.o
                0x080019b0                HAL_LTDC_Init
 .text.HAL_LTDC_IRQHandler
                0x08001b50      0x148 ./Drivers/STM32F4xx_HAL_Driver/Src/stm32f4xx_hal_ltdc.o
                0x08001b50                HAL_LTDC_IRQHandler
 .text.HAL_LTDC_ErrorCallback
                0x08001c98       0x14 ./Drivers/STM32F4xx_HAL_Driver/Src/stm32f4xx_hal_ltdc.o
                0x08001c98                HAL_LTDC_ErrorCallback
 .text.HAL_LTDC_LineEventCallback
                0x08001cac       0x14 ./Drivers/STM32F4xx_HAL_Driver/Src/stm32f4xx_hal_ltdc.o
                0x08001cac                HAL_LTDC_LineEventCallback
 .text.HAL_LTDC_ReloadEventCallback
                0x08001cc0       0x14 ./Drivers/STM32F4xx_HAL_Driver/Src/stm32f4xx_hal_ltdc.o
                0x08001cc0                HAL_LTDC_ReloadEventCallback
 .text.HAL_LTDC_ConfigLayer
                0x08001cd4       0x7c ./Drivers/STM32F4xx_HAL_Driver/Src/stm32f4xx_hal_ltdc.o
                0x08001cd4                HAL_LTDC_ConfigLayer
 .text.HAL_LTDC_SetAddress
                0x08001d50       0x6c ./Drivers/STM32F4xx_HAL_Driver/Src/stm32f4xx_hal_ltdc.o
                0x08001d50                HAL_LTDC_SetAddress
 .text.LTDC_SetConfig
                0x08001dbc      0x32e ./Drivers/STM32F4xx_HAL_Driver/Src/stm32f4xx_hal_ltdc.o
 *fill*         0x080020ea        0x2 
 .text.HAL_PWREx_EnableOverDrive
                0x080020ec       0xa0 ./Drivers/STM32F4xx_HAL_Driver/Src/stm32f4xx_hal_pwr_ex.o
                0x080020ec                HAL_PWREx_EnableOverDrive
 .text.HAL_RCC_OscConfig
                0x0800218c      0x4f0 ./Drivers/STM32F4xx_HAL_Driver/Src/stm32f4xx_hal_rcc.o
                0x0800218c                HAL_RCC_OscConfig
 .text.HAL_RCC_ClockConfig
                0x0800267c      0x1cc ./Drivers/STM32F4xx_HAL_Driver/Src/stm32f4xx_hal_rcc.o
                0x0800267c                HAL_RCC_ClockConfig
 .text.HAL_RCC_GetSysClockFreq
                0x08002848      0x20c ./Drivers/STM32F4xx_HAL_Driver/Src/stm32f4xx_hal_rcc.o
                0x08002848                HAL_RCC_GetSysClockFreq
 .text.HAL_RCCEx_PeriphCLKConfig
                0x08002a54      0x380 ./Drivers/STM32F4xx_HAL_Driver/Src/stm32f4xx_hal_rcc_ex.o
                0x08002a54                HAL_RCCEx_PeriphCLKConfig
 .text.memset   0x08002dd4       0x10 D:/App/ST/STM32CubeIDE_1.16.0/STM32CubeIDE/plugins/com.st.stm32cube.ide.mcu.externaltools.gnu-tools-for-stm32.12.3.rel1.win32_1.0.200.202406191623/tools/bin/../lib/gcc/arm-none-eabi/12.3.1/../../../../arm-none-eabi/lib/thumb/v7e-m+fp/hard\libc_nano.a(libc_a-memset.o)
                0x08002dd4                memset
 .text.__libc_init_array
                0x08002de4       0x48 D:/App/ST/STM32CubeIDE_1.16.0/STM32CubeIDE/plugins/com.st.stm32cube.ide.mcu.externaltools.gnu-tools-for-stm32.12.3.rel1.win32_1.0.200.202406191623/tools/bin/../lib/gcc/arm-none-eabi/12.3.1/../../../../arm-none-eabi/lib/thumb/v7e-m+fp/hard\libc_nano.a(libc_a-init.o)
                0x08002de4                __libc_init_array
 *(.glue_7)
 .glue_7        0x08002e2c        0x0 linker stubs
 *(.glue_7t)
 .glue_7t       0x08002e2c        0x0 linker stubs
 *(.eh_frame)
 .eh_frame      0x08002e2c        0x0 D:/App/ST/STM32CubeIDE_1.16.0/STM32CubeIDE/plugins/com.st.stm32cube.ide.mcu.externaltools.gnu-tools-for-stm32.12.3.rel1.win32_1.0.200.202406191623/tools/bin/../lib/gcc/arm-none-eabi/12.3.1/thumb/v7e-m+fp/hard/crtbegin.o
 *(.init)
 .init          0x08002e2c        0x4 D:/App/ST/STM32CubeIDE_1.16.0/STM32CubeIDE/plugins/com.st.stm32cube.ide.mcu.externaltools.gnu-tools-for-stm32.12.3.rel1.win32_1.0.200.202406191623/tools/bin/../lib/gcc/arm-none-eabi/12.3.1/thumb/v7e-m+fp/hard/crti.o
                0x08002e2c                _init
 .init          0x08002e30        0x8 D:/App/ST/STM32CubeIDE_1.16.0/STM32CubeIDE/plugins/com.st.stm32cube.ide.mcu.externaltools.gnu-tools-for-stm32.12.3.rel1.win32_1.0.200.202406191623/tools/bin/../lib/gcc/arm-none-eabi/12.3.1/thumb/v7e-m+fp/hard/crtn.o
 *(.fini)
 .fini          0x08002e38        0x4 D:/App/ST/STM32CubeIDE_1.16.0/STM32CubeIDE/plugins/com.st.stm32cube.ide.mcu.externaltools.gnu-tools-for-stm32.12.3.rel1.win32_1.0.200.202406191623/tools/bin/../lib/gcc/arm-none-eabi/12.3.1/thumb/v7e-m+fp/hard/crti.o
                0x08002e38                _fini
 .fini          0x08002e3c        0x8 D:/App/ST/STM32CubeIDE_1.16.0/STM32CubeIDE/plugins/com.st.stm32cube.ide.mcu.externaltools.gnu-tools-for-stm32.12.3.rel1.win32_1.0.200.202406191623/tools/bin/../lib/gcc/arm-none-eabi/12.3.1/thumb/v7e-m+fp/hard/crtn.o
                0x08002e44                        . = ALIGN (0x4)
                0x08002e44                        _etext = .

.vfp11_veneer   0x08002e44        0x0
 .vfp11_veneer  0x08002e44        0x0 linker stubs

.v4_bx          0x08002e44        0x0
 .v4_bx         0x08002e44        0x0 linker stubs

.iplt           0x08002e44        0x0
 .iplt          0x08002e44        0x0 D:/App/ST/STM32CubeIDE_1.16.0/STM32CubeIDE/plugins/com.st.stm32cube.ide.mcu.externaltools.gnu-tools-for-stm32.12.3.rel1.win32_1.0.200.202406191623/tools/bin/../lib/gcc/arm-none-eabi/12.3.1/thumb/v7e-m+fp/hard/crtbegin.o

.rodata         0x08002e44    0x70810
                0x08002e44                        . = ALIGN (0x4)
 *(.rodata)
 *(.rodata*)
 .rodata.AHBPrescTable
                0x08002e44       0x10 ./Core/Src/system_stm32f4xx.o
                0x08002e44                AHBPrescTable
 .rodata.t1_320x240_map
                0x08002e54    0x25800 ./Core/Src/t1_320x240.o
                0x08002e54                t1_320x240_map
 .rodata.t2_320x240_map
                0x08028654    0x25800 ./Core/Src/t2_320x240.o
                0x08028654                t2_320x240_map
 .rodata.t3_320x240_map
                0x0804de54    0x25800 ./Core/Src/t3_320x240.o
                0x0804de54                t3_320x240_map
                0x08073654                        . = ALIGN (0x4)

.ARM.extab      0x08073654        0x0
                0x08073654                        . = ALIGN (0x4)
 *(.ARM.extab* .gnu.linkonce.armextab.*)
                0x08073654                        . = ALIGN (0x4)

.ARM            0x08073654        0x8
                0x08073654                        . = ALIGN (0x4)
                0x08073654                        __exidx_start = .
 *(.ARM.exidx*)
 .ARM.exidx     0x08073654        0x8 D:/App/ST/STM32CubeIDE_1.16.0/STM32CubeIDE/plugins/com.st.stm32cube.ide.mcu.externaltools.gnu-tools-for-stm32.12.3.rel1.win32_1.0.200.202406191623/tools/bin/../lib/gcc/arm-none-eabi/12.3.1/thumb/v7e-m+fp/hard\libgcc.a(_udivmoddi4.o)
                0x0807365c                        __exidx_end = .
                0x0807365c                        . = ALIGN (0x4)

.rel.dyn        0x0807365c        0x0
 .rel.iplt      0x0807365c        0x0 D:/App/ST/STM32CubeIDE_1.16.0/STM32CubeIDE/plugins/com.st.stm32cube.ide.mcu.externaltools.gnu-tools-for-stm32.12.3.rel1.win32_1.0.200.202406191623/tools/bin/../lib/gcc/arm-none-eabi/12.3.1/thumb/v7e-m+fp/hard/crtbegin.o

.preinit_array  0x0807365c        0x0
                0x0807365c                        . = ALIGN (0x4)
                0x0807365c                        PROVIDE (__preinit_array_start = .)
 *(.preinit_array*)
                0x0807365c                        PROVIDE (__preinit_array_end = .)
                0x0807365c                        . = ALIGN (0x4)

.init_array     0x0807365c        0x4
                0x0807365c                        . = ALIGN (0x4)
                0x0807365c                        PROVIDE (__init_array_start = .)
 *(SORT_BY_NAME(.init_array.*))
 *(.init_array*)
 .init_array    0x0807365c        0x4 D:/App/ST/STM32CubeIDE_1.16.0/STM32CubeIDE/plugins/com.st.stm32cube.ide.mcu.externaltools.gnu-tools-for-stm32.12.3.rel1.win32_1.0.200.202406191623/tools/bin/../lib/gcc/arm-none-eabi/12.3.1/thumb/v7e-m+fp/hard/crtbegin.o
                0x08073660                        PROVIDE (__init_array_end = .)
                0x08073660                        . = ALIGN (0x4)

.fini_array     0x08073660        0x4
                0x08073660                        . = ALIGN (0x4)
                [!provide]                        PROVIDE (__fini_array_start = .)
 *(SORT_BY_NAME(.fini_array.*))
 *(.fini_array*)
 .fini_array    0x08073660        0x4 D:/App/ST/STM32CubeIDE_1.16.0/STM32CubeIDE/plugins/com.st.stm32cube.ide.mcu.externaltools.gnu-tools-for-stm32.12.3.rel1.win32_1.0.200.202406191623/tools/bin/../lib/gcc/arm-none-eabi/12.3.1/thumb/v7e-m+fp/hard/crtbegin.o
                [!provide]                        PROVIDE (__fini_array_end = .)
                0x08073664                        . = ALIGN (0x4)
                0x08073664                        _sidata = LOADADDR (.data)

.data           0x20000000        0xc load address 0x08073664
                0x20000000                        . = ALIGN (0x4)
                0x20000000                        _sdata = .
 *(.data)
 *(.data*)
 .data.SystemCoreClock
                0x20000000        0x4 ./Core/Src/system_stm32f4xx.o
                0x20000000                SystemCoreClock
 .data.uwTickPrio
                0x20000004        0x4 ./Drivers/STM32F4xx_HAL_Driver/Src/stm32f4xx_hal.o
                0x20000004                uwTickPrio
 .data.uwTickFreq
                0x20000008        0x1 ./Drivers/STM32F4xx_HAL_Driver/Src/stm32f4xx_hal.o
                0x20000008                uwTickFreq
 *(.RamFunc)
 *(.RamFunc*)
                0x2000000c                        . = ALIGN (0x4)
 *fill*         0x20000009        0x3 
                0x2000000c                        _edata = .
                0x08073670                        _siccmram = LOADADDR (.ccmram)

.igot.plt       0x2000000c        0x0 load address 0x08073670
 .igot.plt      0x2000000c        0x0 D:/App/ST/STM32CubeIDE_1.16.0/STM32CubeIDE/plugins/com.st.stm32cube.ide.mcu.externaltools.gnu-tools-for-stm32.12.3.rel1.win32_1.0.200.202406191623/tools/bin/../lib/gcc/arm-none-eabi/12.3.1/thumb/v7e-m+fp/hard/crtbegin.o

.ccmram         0x10000000        0x0 load address 0x08073670
                0x10000000                        . = ALIGN (0x4)
                0x10000000                        _sccmram = .
 *(.ccmram)
 *(.ccmram*)
                0x10000000                        . = ALIGN (0x4)
                0x10000000                        _eccmram = .
                0x10000000                        . = ALIGN (0x4)

.bss            0x2000000c       0xc8
                0x2000000c                        _sbss = .
                0x2000000c                        __bss_start__ = _sbss
 *(.bss)
 .bss           0x2000000c       0x1c D:/App/ST/STM32CubeIDE_1.16.0/STM32CubeIDE/plugins/com.st.stm32cube.ide.mcu.externaltools.gnu-tools-for-stm32.12.3.rel1.win32_1.0.200.202406191623/tools/bin/../lib/gcc/arm-none-eabi/12.3.1/thumb/v7e-m+fp/hard/crtbegin.o
 *(.bss*)
 .bss.hltdc     0x20000028       0xa8 ./Core/Src/main.o
                0x20000028                hltdc
 .bss.uwTick    0x200000d0        0x4 ./Drivers/STM32F4xx_HAL_Driver/Src/stm32f4xx_hal.o
                0x200000d0                uwTick
 *(COMMON)
                0x200000d4                        . = ALIGN (0x4)
                0x200000d4                        _ebss = .
                0x200000d4                        __bss_end__ = _ebss

._user_heap_stack
                0x200000d4      0x604
                0x200000d8                        . = ALIGN (0x8)
 *fill*         0x200000d4        0x4 
                [!provide]                        PROVIDE (end = .)
                0x200000d8                        PROVIDE (_end = .)
                0x200002d8                        . = (. + _Min_Heap_Size)
 *fill*         0x200000d8      0x200 
                0x200006d8                        . = (. + _Min_Stack_Size)
 *fill*         0x200002d8      0x400 
                0x200006d8                        . = ALIGN (0x8)

/DISCARD/
 libc.a(*)
 libm.a(*)
 libgcc.a(*)

.ARM.attributes
                0x00000000       0x30
 *(.ARM.attributes)
 .ARM.attributes
                0x00000000       0x22 D:/App/ST/STM32CubeIDE_1.16.0/STM32CubeIDE/plugins/com.st.stm32cube.ide.mcu.externaltools.gnu-tools-for-stm32.12.3.rel1.win32_1.0.200.202406191623/tools/bin/../lib/gcc/arm-none-eabi/12.3.1/thumb/v7e-m+fp/hard/crti.o
 .ARM.attributes
                0x00000022       0x34 D:/App/ST/STM32CubeIDE_1.16.0/STM32CubeIDE/plugins/com.st.stm32cube.ide.mcu.externaltools.gnu-tools-for-stm32.12.3.rel1.win32_1.0.200.202406191623/tools/bin/../lib/gcc/arm-none-eabi/12.3.1/thumb/v7e-m+fp/hard/crtbegin.o
 .ARM.attributes
                0x00000056       0x34 ./Core/Src/bsp_lcd.o
 .ARM.attributes
                0x0000008a       0x34 ./Core/Src/main.o
 .ARM.attributes
                0x000000be       0x34 ./Core/Src/stm32f4xx_hal_msp.o
 .ARM.attributes
                0x000000f2       0x34 ./Core/Src/stm32f4xx_it.o
 .ARM.attributes
                0x00000126       0x34 ./Core/Src/system_stm32f4xx.o
 .ARM.attributes
                0x0000015a       0x34 ./Core/Src/t1_320x240.o
 .ARM.attributes
                0x0000018e       0x34 ./Core/Src/t2_320x240.o
 .ARM.attributes
                0x000001c2       0x34 ./Core/Src/t3_320x240.o
 .ARM.attributes
                0x000001f6       0x21 ./Core/Startup/startup_stm32f429zitx.o
 .ARM.attributes
                0x00000217       0x34 ./Drivers/STM32F4xx_HAL_Driver/Src/stm32f4xx_hal.o
 .ARM.attributes
                0x0000024b       0x34 ./Drivers/STM32F4xx_HAL_Driver/Src/stm32f4xx_hal_cortex.o
 .ARM.attributes
                0x0000027f       0x34 ./Drivers/STM32F4xx_HAL_Driver/Src/stm32f4xx_hal_gpio.o
 .ARM.attributes
                0x000002b3       0x34 ./Drivers/STM32F4xx_HAL_Driver/Src/stm32f4xx_hal_ltdc.o
 .ARM.attributes
                0x000002e7       0x34 ./Drivers/STM32F4xx_HAL_Driver/Src/stm32f4xx_hal_pwr_ex.o
 .ARM.attributes
                0x0000031b       0x34 ./Drivers/STM32F4xx_HAL_Driver/Src/stm32f4xx_hal_rcc.o
 .ARM.attributes
                0x0000034f       0x34 ./Drivers/STM32F4xx_HAL_Driver/Src/stm32f4xx_hal_rcc_ex.o
 .ARM.attributes
                0x00000383       0x34 D:/App/ST/STM32CubeIDE_1.16.0/STM32CubeIDE/plugins/com.st.stm32cube.ide.mcu.externaltools.gnu-tools-for-stm32.12.3.rel1.win32_1.0.200.202406191623/tools/bin/../lib/gcc/arm-none-eabi/12.3.1/../../../../arm-none-eabi/lib/thumb/v7e-m+fp/hard\libc_nano.a(libc_a-memset.o)
 .ARM.attributes
                0x000003b7       0x34 D:/App/ST/STM32CubeIDE_1.16.0/STM32CubeIDE/plugins/com.st.stm32cube.ide.mcu.externaltools.gnu-tools-for-stm32.12.3.rel1.win32_1.0.200.202406191623/tools/bin/../lib/gcc/arm-none-eabi/12.3.1/../../../../arm-none-eabi/lib/thumb/v7e-m+fp/hard\libc_nano.a(libc_a-init.o)
 .ARM.attributes
                0x000003eb       0x22 D:/App/ST/STM32CubeIDE_1.16.0/STM32CubeIDE/plugins/com.st.stm32cube.ide.mcu.externaltools.gnu-tools-for-stm32.12.3.rel1.win32_1.0.200.202406191623/tools/bin/../lib/gcc/arm-none-eabi/12.3.1/thumb/v7e-m+fp/hard\libgcc.a(_aeabi_uldivmod.o)
 .ARM.attributes
                0x0000040d       0x34 D:/App/ST/STM32CubeIDE_1.16.0/STM32CubeIDE/plugins/com.st.stm32cube.ide.mcu.externaltools.gnu-tools-for-stm32.12.3.rel1.win32_1.0.200.202406191623/tools/bin/../lib/gcc/arm-none-eabi/12.3.1/thumb/v7e-m+fp/hard\libgcc.a(_udivmoddi4.o)
 .ARM.attributes
                0x00000441       0x22 D:/App/ST/STM32CubeIDE_1.16.0/STM32CubeIDE/plugins/com.st.stm32cube.ide.mcu.externaltools.gnu-tools-for-stm32.12.3.rel1.win32_1.0.200.202406191623/tools/bin/../lib/gcc/arm-none-eabi/12.3.1/thumb/v7e-m+fp/hard\libgcc.a(_dvmd_tls.o)
 .ARM.attributes
                0x00000463       0x22 D:/App/ST/STM32CubeIDE_1.16.0/STM32CubeIDE/plugins/com.st.stm32cube.ide.mcu.externaltools.gnu-tools-for-stm32.12.3.rel1.win32_1.0.200.202406191623/tools/bin/../lib/gcc/arm-none-eabi/12.3.1/thumb/v7e-m+fp/hard/crtn.o
OUTPUT(DEMO_LCDTFT.elf elf32-littlearm)
LOAD linker stubs
LOAD D:/App/ST/STM32CubeIDE_1.16.0/STM32CubeIDE/plugins/com.st.stm32cube.ide.mcu.externaltools.gnu-tools-for-stm32.12.3.rel1.win32_1.0.200.202406191623/tools/bin/../lib/gcc/arm-none-eabi/12.3.1/../../../../arm-none-eabi/lib/thumb/v7e-m+fp/hard\libc.a
LOAD D:/App/ST/STM32CubeIDE_1.16.0/STM32CubeIDE/plugins/com.st.stm32cube.ide.mcu.externaltools.gnu-tools-for-stm32.12.3.rel1.win32_1.0.200.202406191623/tools/bin/../lib/gcc/arm-none-eabi/12.3.1/../../../../arm-none-eabi/lib/thumb/v7e-m+fp/hard\libm.a
LOAD D:/App/ST/STM32CubeIDE_1.16.0/STM32CubeIDE/plugins/com.st.stm32cube.ide.mcu.externaltools.gnu-tools-for-stm32.12.3.rel1.win32_1.0.200.202406191623/tools/bin/../lib/gcc/arm-none-eabi/12.3.1/thumb/v7e-m+fp/hard\libgcc.a

.debug_info     0x00000000     0x6d35
 .debug_info    0x00000000      0x654 ./Core/Src/bsp_lcd.o
 .debug_info    0x00000654      0x95c ./Core/Src/main.o
 .debug_info    0x00000fb0      0xd06 ./Core/Src/stm32f4xx_hal_msp.o
 .debug_info    0x00001cb6      0x502 ./Core/Src/stm32f4xx_it.o
 .debug_info    0x000021b8      0x52e ./Core/Src/system_stm32f4xx.o
 .debug_info    0x000026e6       0xb0 ./Core/Src/t1_320x240.o
 .debug_info    0x00002796       0xb0 ./Core/Src/t2_320x240.o
 .debug_info    0x00002846       0xb0 ./Core/Src/t3_320x240.o
 .debug_info    0x000028f6       0x30 ./Core/Startup/startup_stm32f429zitx.o
 .debug_info    0x00002926      0x9be ./Drivers/STM32F4xx_HAL_Driver/Src/stm32f4xx_hal.o
 .debug_info    0x000032e4      0xd7c ./Drivers/STM32F4xx_HAL_Driver/Src/stm32f4xx_hal_cortex.o
 .debug_info    0x00004060      0x6db ./Drivers/STM32F4xx_HAL_Driver/Src/stm32f4xx_hal_gpio.o
 .debug_info    0x0000473b     0x1022 ./Drivers/STM32F4xx_HAL_Driver/Src/stm32f4xx_hal_ltdc.o
 .debug_info    0x0000575d      0x6be ./Drivers/STM32F4xx_HAL_Driver/Src/stm32f4xx_hal_pwr_ex.o
 .debug_info    0x00005e1b      0x8c9 ./Drivers/STM32F4xx_HAL_Driver/Src/stm32f4xx_hal_rcc.o
 .debug_info    0x000066e4      0x651 ./Drivers/STM32F4xx_HAL_Driver/Src/stm32f4xx_hal_rcc_ex.o

.debug_abbrev   0x00000000     0x1933
 .debug_abbrev  0x00000000      0x1e8 ./Core/Src/bsp_lcd.o
 .debug_abbrev  0x000001e8      0x23b ./Core/Src/main.o
 .debug_abbrev  0x00000423      0x1c7 ./Core/Src/stm32f4xx_hal_msp.o
 .debug_abbrev  0x000005ea      0x16d ./Core/Src/stm32f4xx_it.o
 .debug_abbrev  0x00000757      0x11a ./Core/Src/system_stm32f4xx.o
 .debug_abbrev  0x00000871       0x63 ./Core/Src/t1_320x240.o
 .debug_abbrev  0x000008d4       0x63 ./Core/Src/t2_320x240.o
 .debug_abbrev  0x00000937       0x63 ./Core/Src/t3_320x240.o
 .debug_abbrev  0x0000099a       0x24 ./Core/Startup/startup_stm32f429zitx.o
 .debug_abbrev  0x000009be      0x213 ./Drivers/STM32F4xx_HAL_Driver/Src/stm32f4xx_hal.o
 .debug_abbrev  0x00000bd1      0x327 ./Drivers/STM32F4xx_HAL_Driver/Src/stm32f4xx_hal_cortex.o
 .debug_abbrev  0x00000ef8      0x1d4 ./Drivers/STM32F4xx_HAL_Driver/Src/stm32f4xx_hal_gpio.o
 .debug_abbrev  0x000010cc      0x233 ./Drivers/STM32F4xx_HAL_Driver/Src/stm32f4xx_hal_ltdc.o
 .debug_abbrev  0x000012ff      0x1cf ./Drivers/STM32F4xx_HAL_Driver/Src/stm32f4xx_hal_pwr_ex.o
 .debug_abbrev  0x000014ce      0x2b6 ./Drivers/STM32F4xx_HAL_Driver/Src/stm32f4xx_hal_rcc.o
 .debug_abbrev  0x00001784      0x1af ./Drivers/STM32F4xx_HAL_Driver/Src/stm32f4xx_hal_rcc_ex.o

.debug_aranges  0x00000000      0x6e0
 .debug_aranges
                0x00000000       0x68 ./Core/Src/bsp_lcd.o
 .debug_aranges
                0x00000068       0x38 ./Core/Src/main.o
 .debug_aranges
                0x000000a0       0x30 ./Core/Src/stm32f4xx_hal_msp.o
 .debug_aranges
                0x000000d0       0x70 ./Core/Src/stm32f4xx_it.o
 .debug_aranges
                0x00000140       0x28 ./Core/Src/system_stm32f4xx.o
 .debug_aranges
                0x00000168       0x18 ./Core/Src/t1_320x240.o
 .debug_aranges
                0x00000180       0x18 ./Core/Src/t2_320x240.o
 .debug_aranges
                0x00000198       0x18 ./Core/Src/t3_320x240.o
 .debug_aranges
                0x000001b0       0x28 ./Core/Startup/startup_stm32f429zitx.o
 .debug_aranges
                0x000001d8      0x100 ./Drivers/STM32F4xx_HAL_Driver/Src/stm32f4xx_hal.o
 .debug_aranges
                0x000002d8      0x118 ./Drivers/STM32F4xx_HAL_Driver/Src/stm32f4xx_hal_cortex.o
 .debug_aranges
                0x000003f0       0x58 ./Drivers/STM32F4xx_HAL_Driver/Src/stm32f4xx_hal_gpio.o
 .debug_aranges
                0x00000448      0x158 ./Drivers/STM32F4xx_HAL_Driver/Src/stm32f4xx_hal_ltdc.o
 .debug_aranges
                0x000005a0       0x60 ./Drivers/STM32F4xx_HAL_Driver/Src/stm32f4xx_hal_pwr_ex.o
 .debug_aranges
                0x00000600       0x88 ./Drivers/STM32F4xx_HAL_Driver/Src/stm32f4xx_hal_rcc.o
 .debug_aranges
                0x00000688       0x58 ./Drivers/STM32F4xx_HAL_Driver/Src/stm32f4xx_hal_rcc_ex.o

.debug_rnglists
                0x00000000      0x4db
 .debug_rnglists
                0x00000000       0x4f ./Core/Src/bsp_lcd.o
 .debug_rnglists
                0x0000004f       0x27 ./Core/Src/main.o
 .debug_rnglists
                0x00000076       0x21 ./Core/Src/stm32f4xx_hal_msp.o
 .debug_rnglists
                0x00000097       0x4f ./Core/Src/stm32f4xx_it.o
 .debug_rnglists
                0x000000e6       0x1a ./Core/Src/system_stm32f4xx.o
 .debug_rnglists
                0x00000100       0x19 ./Core/Startup/startup_stm32f429zitx.o
 .debug_rnglists
                0x00000119       0xbb ./Drivers/STM32F4xx_HAL_Driver/Src/stm32f4xx_hal.o
 .debug_rnglists
                0x000001d4       0xce ./Drivers/STM32F4xx_HAL_Driver/Src/stm32f4xx_hal_cortex.o
 .debug_rnglists
                0x000002a2       0x3f ./Drivers/STM32F4xx_HAL_Driver/Src/stm32f4xx_hal_gpio.o
 .debug_rnglists
                0x000002e1      0x10a ./Drivers/STM32F4xx_HAL_Driver/Src/stm32f4xx_hal_ltdc.o
 .debug_rnglists
                0x000003eb       0x47 ./Drivers/STM32F4xx_HAL_Driver/Src/stm32f4xx_hal_pwr_ex.o
 .debug_rnglists
                0x00000432       0x66 ./Drivers/STM32F4xx_HAL_Driver/Src/stm32f4xx_hal_rcc.o
 .debug_rnglists
                0x00000498       0x43 ./Drivers/STM32F4xx_HAL_Driver/Src/stm32f4xx_hal_rcc_ex.o

.debug_macro    0x00000000    0x23929
 .debug_macro   0x00000000      0x220 ./Core/Src/bsp_lcd.o
 .debug_macro   0x00000220      0xab4 ./Core/Src/bsp_lcd.o
 .debug_macro   0x00000cd4       0x28 ./Core/Src/bsp_lcd.o
 .debug_macro   0x00000cfc       0x22 ./Core/Src/bsp_lcd.o
 .debug_macro   0x00000d1e       0x8e ./Core/Src/bsp_lcd.o
 .debug_macro   0x00000dac       0x51 ./Core/Src/bsp_lcd.o
 .debug_macro   0x00000dfd      0x103 ./Core/Src/bsp_lcd.o
 .debug_macro   0x00000f00       0x6a ./Core/Src/bsp_lcd.o
 .debug_macro   0x00000f6a      0x1df ./Core/Src/bsp_lcd.o
 .debug_macro   0x00001149       0x1c ./Core/Src/bsp_lcd.o
 .debug_macro   0x00001165       0x22 ./Core/Src/bsp_lcd.o
 .debug_macro   0x00001187       0xd9 ./Core/Src/bsp_lcd.o
 .debug_macro   0x00001260     0x102d ./Core/Src/bsp_lcd.o
 .debug_macro   0x0000228d      0x11f ./Core/Src/bsp_lcd.o
 .debug_macro   0x000023ac    0x17fc0 ./Core/Src/bsp_lcd.o
 .debug_macro   0x0001a36c       0x3a ./Core/Src/bsp_lcd.o
 .debug_macro   0x0001a3a6       0x61 ./Core/Src/bsp_lcd.o
 .debug_macro   0x0001a407       0x2a ./Core/Src/bsp_lcd.o
 .debug_macro   0x0001a431       0x43 ./Core/Src/bsp_lcd.o
 .debug_macro   0x0001a474       0x34 ./Core/Src/bsp_lcd.o
 .debug_macro   0x0001a4a8       0x16 ./Core/Src/bsp_lcd.o
 .debug_macro   0x0001a4be       0x9e ./Core/Src/bsp_lcd.o
 .debug_macro   0x0001a55c      0x369 ./Core/Src/bsp_lcd.o
 .debug_macro   0x0001a8c5      0x10b ./Core/Src/bsp_lcd.o
 .debug_macro   0x0001a9d0       0x10 ./Core/Src/bsp_lcd.o
 .debug_macro   0x0001a9e0       0x16 ./Core/Src/bsp_lcd.o
 .debug_macro   0x0001a9f6       0x43 ./Core/Src/bsp_lcd.o
 .debug_macro   0x0001aa39       0x34 ./Core/Src/bsp_lcd.o
 .debug_macro   0x0001aa6d       0x10 ./Core/Src/bsp_lcd.o
 .debug_macro   0x0001aa7d       0x58 ./Core/Src/bsp_lcd.o
 .debug_macro   0x0001aad5       0x8e ./Core/Src/bsp_lcd.o
 .debug_macro   0x0001ab63       0x1c ./Core/Src/bsp_lcd.o
 .debug_macro   0x0001ab7f      0x177 ./Core/Src/bsp_lcd.o
 .debug_macro   0x0001acf6       0x16 ./Core/Src/bsp_lcd.o
 .debug_macro   0x0001ad0c       0x16 ./Core/Src/bsp_lcd.o
 .debug_macro   0x0001ad22      0x146 ./Core/Src/bsp_lcd.o
 .debug_macro   0x0001ae68      0x1f0 ./Core/Src/bsp_lcd.o
 .debug_macro   0x0001b058      0x1b4 ./Core/Src/bsp_lcd.o
 .debug_macro   0x0001b20c       0xa0 ./Core/Src/bsp_lcd.o
 .debug_macro   0x0001b2ac      0x301 ./Core/Src/main.o
 .debug_macro   0x0001b5ad      0x29b ./Core/Src/main.o
 .debug_macro   0x0001b848       0x2e ./Core/Src/main.o
 .debug_macro   0x0001b876       0x6d ./Core/Src/main.o
 .debug_macro   0x0001b8e3     0x36f5 ./Core/Src/main.o
 .debug_macro   0x0001efd8      0x189 ./Core/Src/main.o
 .debug_macro   0x0001f161       0x5c ./Core/Src/main.o
 .debug_macro   0x0001f1bd      0xca5 ./Core/Src/main.o
 .debug_macro   0x0001fe62      0x9fe ./Core/Src/main.o
 .debug_macro   0x00020860      0x115 ./Core/Src/main.o
 .debug_macro   0x00020975      0x156 ./Core/Src/main.o
 .debug_macro   0x00020acb       0xa5 ./Core/Src/main.o
 .debug_macro   0x00020b70      0x182 ./Core/Src/main.o
 .debug_macro   0x00020cf2      0x287 ./Core/Src/main.o
 .debug_macro   0x00020f79       0x5f ./Core/Src/main.o
 .debug_macro   0x00020fd8      0x236 ./Core/Src/main.o
 .debug_macro   0x0002120e      0x132 ./Core/Src/main.o
 .debug_macro   0x00021340      0x41d ./Core/Src/main.o
 .debug_macro   0x0002175d       0x2e ./Core/Src/main.o
 .debug_macro   0x0002178b      0x198 ./Core/Src/main.o
 .debug_macro   0x00021923       0xd6 ./Core/Src/main.o
 .debug_macro   0x000219f9      0x11a ./Core/Src/main.o
 .debug_macro   0x00021b13       0xe2 ./Core/Src/main.o
 .debug_macro   0x00021bf5       0x89 ./Core/Src/main.o
 .debug_macro   0x00021c7e      0x225 ./Core/Src/main.o
 .debug_macro   0x00021ea3      0x134 ./Core/Src/main.o
 .debug_macro   0x00021fd7      0x4c8 ./Core/Src/main.o
 .debug_macro   0x0002249f       0x35 ./Core/Src/main.o
 .debug_macro   0x000224d4      0x1e3 ./Core/Src/stm32f4xx_hal_msp.o
 .debug_macro   0x000226b7      0x1ed ./Core/Src/stm32f4xx_it.o
 .debug_macro   0x000228a4      0x1d4 ./Core/Src/system_stm32f4xx.o
 .debug_macro   0x00022a78       0x69 ./Core/Src/t1_320x240.o
 .debug_macro   0x00022ae1       0x69 ./Core/Src/t2_320x240.o
 .debug_macro   0x00022b4a       0x69 ./Core/Src/t3_320x240.o
 .debug_macro   0x00022bb3      0x234 ./Drivers/STM32F4xx_HAL_Driver/Src/stm32f4xx_hal.o
 .debug_macro   0x00022de7      0x1d4 ./Drivers/STM32F4xx_HAL_Driver/Src/stm32f4xx_hal_cortex.o
 .debug_macro   0x00022fbb      0x1da ./Drivers/STM32F4xx_HAL_Driver/Src/stm32f4xx_hal_gpio.o
 .debug_macro   0x00023195      0x1dc ./Drivers/STM32F4xx_HAL_Driver/Src/stm32f4xx_hal_ltdc.o
 .debug_macro   0x00023371      0x1ec ./Drivers/STM32F4xx_HAL_Driver/Src/stm32f4xx_hal_pwr_ex.o
 .debug_macro   0x0002355d      0x1f8 ./Drivers/STM32F4xx_HAL_Driver/Src/stm32f4xx_hal_rcc.o
 .debug_macro   0x00023755      0x1d4 ./Drivers/STM32F4xx_HAL_Driver/Src/stm32f4xx_hal_rcc_ex.o

.debug_line     0x00000000     0x9769
 .debug_line    0x00000000      0x96f ./Core/Src/bsp_lcd.o
 .debug_line    0x0000096f      0x9fe ./Core/Src/main.o
 .debug_line    0x0000136d      0x849 ./Core/Src/stm32f4xx_hal_msp.o
 .debug_line    0x00001bb6      0x852 ./Core/Src/stm32f4xx_it.o
 .debug_line    0x00002408      0x7e4 ./Core/Src/system_stm32f4xx.o
 .debug_line    0x00002bec      0x410 ./Core/Src/t1_320x240.o
 .debug_line    0x00002ffc      0x410 ./Core/Src/t2_320x240.o
 .debug_line    0x0000340c      0x410 ./Core/Src/t3_320x240.o
 .debug_line    0x0000381c       0x7a ./Core/Startup/startup_stm32f429zitx.o
 .debug_line    0x00003896      0xa83 ./Drivers/STM32F4xx_HAL_Driver/Src/stm32f4xx_hal.o
 .debug_line    0x00004319      0xcfa ./Drivers/STM32F4xx_HAL_Driver/Src/stm32f4xx_hal_cortex.o
 .debug_line    0x00005013      0xc01 ./Drivers/STM32F4xx_HAL_Driver/Src/stm32f4xx_hal_gpio.o
 .debug_line    0x00005c14     0x1804 ./Drivers/STM32F4xx_HAL_Driver/Src/stm32f4xx_hal_ltdc.o
 .debug_line    0x00007418      0x976 ./Drivers/STM32F4xx_HAL_Driver/Src/stm32f4xx_hal_pwr_ex.o
 .debug_line    0x00007d8e      0xdc0 ./Drivers/STM32F4xx_HAL_Driver/Src/stm32f4xx_hal_rcc.o
 .debug_line    0x00008b4e      0xc1b ./Drivers/STM32F4xx_HAL_Driver/Src/stm32f4xx_hal_rcc_ex.o

.debug_str      0x00000000    0xd40b8
 .debug_str     0x00000000    0x97bdf ./Core/Src/bsp_lcd.o
                              0x97de9 (size before relaxing)
 .debug_str     0x00097bdf    0x3a74e ./Core/Src/main.o
                              0xd22c8 (size before relaxing)
 .debug_str     0x000d232d      0x745 ./Core/Src/stm32f4xx_hal_msp.o
                              0xcde8b (size before relaxing)
 .debug_str     0x000d2a72       0xf0 ./Core/Src/stm32f4xx_it.o
                              0xcd6a9 (size before relaxing)
 .debug_str     0x000d2b62       0xdb ./Core/Src/system_stm32f4xx.o
                              0xcc584 (size before relaxing)
 .debug_str     0x000d2c3d       0x2c ./Core/Src/t1_320x240.o
                               0x3d2d (size before relaxing)
 .debug_str     0x000d2c69       0x19 ./Core/Src/t2_320x240.o
                               0x3d2d (size before relaxing)
 .debug_str     0x000d2c82       0x19 ./Core/Src/t3_320x240.o
                               0x3d2d (size before relaxing)
 .debug_str     0x000d2c9b       0x44 ./Core/Startup/startup_stm32f429zitx.o
                                 0x65 (size before relaxing)
 .debug_str     0x000d2cdf      0x62b ./Drivers/STM32F4xx_HAL_Driver/Src/stm32f4xx_hal.o
                              0xcd1a7 (size before relaxing)
 .debug_str     0x000d330a      0x339 ./Drivers/STM32F4xx_HAL_Driver/Src/stm32f4xx_hal_cortex.o
                              0xcce8c (size before relaxing)
 .debug_str     0x000d3643      0x15d ./Drivers/STM32F4xx_HAL_Driver/Src/stm32f4xx_hal_gpio.o
                              0xcc6ff (size before relaxing)
 .debug_str     0x000d37a0      0x485 ./Drivers/STM32F4xx_HAL_Driver/Src/stm32f4xx_hal_ltdc.o
                              0xccbe8 (size before relaxing)
 .debug_str     0x000d3c25      0x135 ./Drivers/STM32F4xx_HAL_Driver/Src/stm32f4xx_hal_pwr_ex.o
                              0xcc75c (size before relaxing)
 .debug_str     0x000d3d5a      0x233 ./Drivers/STM32F4xx_HAL_Driver/Src/stm32f4xx_hal_rcc.o
                              0xcc9b8 (size before relaxing)
 .debug_str     0x000d3f8d      0x12b ./Drivers/STM32F4xx_HAL_Driver/Src/stm32f4xx_hal_rcc_ex.o
                              0xcc77f (size before relaxing)

.comment        0x00000000       0x43
 .comment       0x00000000       0x43 ./Core/Src/bsp_lcd.o
                                 0x44 (size before relaxing)
 .comment       0x00000043       0x44 ./Core/Src/main.o
 .comment       0x00000043       0x44 ./Core/Src/stm32f4xx_hal_msp.o
 .comment       0x00000043       0x44 ./Core/Src/stm32f4xx_it.o
 .comment       0x00000043       0x44 ./Core/Src/system_stm32f4xx.o
 .comment       0x00000043       0x44 ./Core/Src/t1_320x240.o
 .comment       0x00000043       0x44 ./Core/Src/t2_320x240.o
 .comment       0x00000043       0x44 ./Core/Src/t3_320x240.o
 .comment       0x00000043       0x44 ./Drivers/STM32F4xx_HAL_Driver/Src/stm32f4xx_hal.o
 .comment       0x00000043       0x44 ./Drivers/STM32F4xx_HAL_Driver/Src/stm32f4xx_hal_cortex.o
 .comment       0x00000043       0x44 ./Drivers/STM32F4xx_HAL_Driver/Src/stm32f4xx_hal_gpio.o
 .comment       0x00000043       0x44 ./Drivers/STM32F4xx_HAL_Driver/Src/stm32f4xx_hal_ltdc.o
 .comment       0x00000043       0x44 ./Drivers/STM32F4xx_HAL_Driver/Src/stm32f4xx_hal_pwr_ex.o
 .comment       0x00000043       0x44 ./Drivers/STM32F4xx_HAL_Driver/Src/stm32f4xx_hal_rcc.o
 .comment       0x00000043       0x44 ./Drivers/STM32F4xx_HAL_Driver/Src/stm32f4xx_hal_rcc_ex.o

.debug_frame    0x00000000     0x190c
 .debug_frame   0x00000000      0x190 ./Core/Src/bsp_lcd.o
 .debug_frame   0x00000190       0x8c ./Core/Src/main.o
 .debug_frame   0x0000021c       0x80 ./Core/Src/stm32f4xx_hal_msp.o
 .debug_frame   0x0000029c      0x13c ./Core/Src/stm32f4xx_it.o
 .debug_frame   0x000003d8       0x58 ./Core/Src/system_stm32f4xx.o
 .debug_frame   0x00000430      0x3b4 ./Drivers/STM32F4xx_HAL_Driver/Src/stm32f4xx_hal.o
 .debug_frame   0x000007e4      0x498 ./Drivers/STM32F4xx_HAL_Driver/Src/stm32f4xx_hal_cortex.o
 .debug_frame   0x00000c7c      0x14c ./Drivers/STM32F4xx_HAL_Driver/Src/stm32f4xx_hal_gpio.o
 .debug_frame   0x00000dc8      0x61c ./Drivers/STM32F4xx_HAL_Driver/Src/stm32f4xx_hal_ltdc.o
 .debug_frame   0x000013e4      0x14c ./Drivers/STM32F4xx_HAL_Driver/Src/stm32f4xx_hal_pwr_ex.o
 .debug_frame   0x00001530      0x1f4 ./Drivers/STM32F4xx_HAL_Driver/Src/stm32f4xx_hal_rcc.o
 .debug_frame   0x00001724      0x13c ./Drivers/STM32F4xx_HAL_Driver/Src/stm32f4xx_hal_rcc_ex.o
 .debug_frame   0x00001860       0x20 D:/App/ST/STM32CubeIDE_1.16.0/STM32CubeIDE/plugins/com.st.stm32cube.ide.mcu.externaltools.gnu-tools-for-stm32.12.3.rel1.win32_1.0.200.202406191623/tools/bin/../lib/gcc/arm-none-eabi/12.3.1/../../../../arm-none-eabi/lib/thumb/v7e-m+fp/hard\libc_nano.a(libc_a-memset.o)
 .debug_frame   0x00001880       0x2c D:/App/ST/STM32CubeIDE_1.16.0/STM32CubeIDE/plugins/com.st.stm32cube.ide.mcu.externaltools.gnu-tools-for-stm32.12.3.rel1.win32_1.0.200.202406191623/tools/bin/../lib/gcc/arm-none-eabi/12.3.1/../../../../arm-none-eabi/lib/thumb/v7e-m+fp/hard\libc_nano.a(libc_a-init.o)
 .debug_frame   0x000018ac       0x2c D:/App/ST/STM32CubeIDE_1.16.0/STM32CubeIDE/plugins/com.st.stm32cube.ide.mcu.externaltools.gnu-tools-for-stm32.12.3.rel1.win32_1.0.200.202406191623/tools/bin/../lib/gcc/arm-none-eabi/12.3.1/thumb/v7e-m+fp/hard\libgcc.a(_aeabi_uldivmod.o)
 .debug_frame   0x000018d8       0x34 D:/App/ST/STM32CubeIDE_1.16.0/STM32CubeIDE/plugins/com.st.stm32cube.ide.mcu.externaltools.gnu-tools-for-stm32.12.3.rel1.win32_1.0.200.202406191623/tools/bin/../lib/gcc/arm-none-eabi/12.3.1/thumb/v7e-m+fp/hard\libgcc.a(_udivmoddi4.o)

.debug_line_str
                0x00000000       0x49
 .debug_line_str
                0x00000000       0x49 ./Core/Startup/startup_stm32f429zitx.o
